Enter password: ****
Welcome to the MySQL monitor.  Commands end with ; or \g.
Your MySQL connection id is 14
Server version: 8.0.34 MySQL Community Server - GPL

Copyright (c) 2000, 2023, Oracle and/or its affiliates.

Oracle is a registered trademark of Oracle Corporation and/or its
affiliates. Other names may be trademarks of their respective
owners.

Type 'help;' or '\h' for help. Type '\c' to clear the current input statement.

mysql> use alma
Database changed
mysql> select  * from users;
+--------+----------+----------+--------+------+
| userid | username | password | salary | flag |
+--------+----------+----------+--------+------+
|    200 | rahim    | secret   |   2000 |    0 |
|    300 | somu     | secret   |   4000 |    0 |
|    400 | hakeem   | secret   |   7500 |    0 |
|    500 | raoof    | secret   |   5000 |    1 |
+--------+----------+----------+--------+------+
4 rows in set (0.00 sec)

mysql> select  * from users;
+--------+----------+----------+--------+------+
| userid | username | password | salary | flag |
+--------+----------+----------+--------+------+
|    200 | rahim    | secret   |   2000 |    0 |
|    300 | somu     | secret   |   4000 |    0 |
|    400 | hakeem   | secret   |   7500 |    0 |
|    500 | raoof    | secret   |   5000 |    1 |
|   6000 | aleem    | aspire   |  50000 |    0 |
+--------+----------+----------+--------+------+
5 rows in set (0.00 sec)

mysql> select  * from users;
+--------+----------+----------+--------+------+
| userid | username | password | salary | flag |
+--------+----------+----------+--------+------+
|    200 | rahim    | secret   |   2000 |    0 |
|    300 | somu     | secret   |   4000 |    0 |
|    400 | hakeem   | secret   |   7500 |    0 |
|    500 | raoof    | secret   |   5000 |    1 |
|   6000 | aleem    | aspire   |  50000 |    0 |
+--------+----------+----------+--------+------+
5 rows in set (0.00 sec)

mysql> select  * from users;
+--------+----------+----------+--------+------+
| userid | username | password | salary | flag |
+--------+----------+----------+--------+------+
|    200 | rahim    | secret   |   2000 |    0 |
|    300 | somu     | secret   |   4000 |    0 |
|    400 | hakeem   | secret   |   7500 |    0 |
|    500 | raoof    | secret   |   5000 |    1 |
|   6000 | aleem    | aspire   |  50000 |    0 |
+--------+----------+----------+--------+------+
5 rows in set (0.00 sec)

mysql> select  * from users;
+--------+----------+----------+--------+------+
| userid | username | password | salary | flag |
+--------+----------+----------+--------+------+
|    200 | rahim    | secret   |   2000 |    0 |
|    300 | somu     | secret   |   4000 |    0 |
|    400 | hakeem   | secret   |   7500 |    0 |
|    500 | raoof    | secret   |   5000 |    1 |
|   6000 | aleem    | aspire   |  50000 |    0 |
+--------+----------+----------+--------+------+
5 rows in set (0.00 sec)

mysql> select  * from users;
+--------+----------+----------+--------+------+
| userid | username | password | salary | flag |
+--------+----------+----------+--------+------+
|    200 | rahim    | secret   |   2000 |    0 |
|    300 | somu     | secret   |   4000 |    0 |
|    400 | hakeem   | secret   |   7500 |    0 |
|    500 | raoof    | secret   |   5000 |    1 |
|   6000 | aleem    | aspire   |  50000 |    0 |
+--------+----------+----------+--------+------+
5 rows in set (0.00 sec)

mysql> select  * from users;
+--------+----------+----------+--------+------+
| userid | username | password | salary | flag |
+--------+----------+----------+--------+------+
|    200 | rahim    | secret   |   2000 |    0 |
|    300 | somu     | secret   |   4000 |    0 |
|    400 | hakeem   | secret   |   7500 |    0 |
|    500 | raoof    | secret   |   5000 |    1 |
|   6000 | aleem    | aspire   |  50000 |    0 |
+--------+----------+----------+--------+------+
5 rows in set (0.00 sec)

mysql> select  * from users;
+--------+----------+----------+--------+------+
| userid | username | password | salary | flag |
+--------+----------+----------+--------+------+
|    200 | rahim    | secret   |   2000 |    0 |
|    300 | somu     | secret   |   4000 |    0 |
|    400 | hakeem   | secret   |   7500 |    0 |
|    500 | raoof    | secret   |   5000 |    1 |
|   6000 | aleem    | aspire   |  50000 |    0 |
+--------+----------+----------+--------+------+
5 rows in set (0.00 sec)

mysql> select  * from users;
+--------+----------+----------+--------+------+
| userid | username | password | salary | flag |
+--------+----------+----------+--------+------+
|    200 | rahim    | secret   |   2000 |    0 |
|    300 | somu     | secret   |   4000 |    0 |
|    400 | hakeem   | secret   |   7500 |    0 |
|    500 | raoof    | secret   |   5000 |    1 |
|   6000 | aleem    | aspire   |  50000 |    0 |
+--------+----------+----------+--------+------+
5 rows in set (0.00 sec)

mysql> select  * from users;
+--------+----------+----------+--------+------+
| userid | username | password | salary | flag |
+--------+----------+----------+--------+------+
|    200 | rahim    | secret   |   2000 |    0 |
|    300 | somu     | secret   |   4000 |    0 |
|    400 | hakeem   | secret   |   7500 |    0 |
|    500 | raoof    | secret   |   5000 |    1 |
|   6000 | aleem    | aspire   |  50000 |    0 |
+--------+----------+----------+--------+------+
5 rows in set (0.00 sec)

mysql> select  * from users;
+--------+----------+----------+--------+------+
| userid | username | password | salary | flag |
+--------+----------+----------+--------+------+
|    200 | rahim    | secret   |   2000 |    0 |
|    300 | somu     | secret   |   4000 |    0 |
|    400 | hakeem   | secret   |   7500 |    0 |
|    500 | raoof    | secret   |   5000 |    1 |
|   6000 | aleem    | aspire   |  50000 |    0 |
+--------+----------+----------+--------+------+
5 rows in set (0.00 sec)

mysql> select  * from users;
+--------+----------+----------+--------+------+
| userid | username | password | salary | flag |
+--------+----------+----------+--------+------+
|    200 | aleem    | aspire   |  50000 |    0 |
|    300 | somu     | secret   |   4000 |    0 |
|    400 | hakeem   | secret   |   7500 |    0 |
|    500 | raoof    | secret   |   5000 |    1 |
|   6000 | aleem    | aspire   |  50000 |    0 |
+--------+----------+----------+--------+------+
5 rows in set (0.00 sec)

mysql> select  * from users;
+--------+----------+----------+--------+------+
| userid | username | password | salary | flag |
+--------+----------+----------+--------+------+
|    200 | aleem    | aspire   |  50000 |    0 |
|    300 | somu     | secret   |   4000 |    0 |
|    400 | hakeem   | secret   |   7500 |    0 |
|    500 | raoof    | secret   |   5000 |    1 |
|   6000 | aleem    | aspire   |  50000 |    0 |
+--------+----------+----------+--------+------+
5 rows in set (0.00 sec)

mysql> select  * from users;
+--------+----------+----------+--------+------+
| userid | username | password | salary | flag |
+--------+----------+----------+--------+------+
|    200 | aleem    | aspire   |  50000 |    0 |
|    300 | somu     | secret   |   4000 |    0 |
|    400 | hakeem   | secret   |   7500 |    0 |
|    500 | raoof    | secret   |   5000 |    1 |
|   6000 | aleem    | aspire   |  50000 |    0 |
+--------+----------+----------+--------+------+
5 rows in set (0.00 sec)

mysql> select  * from users;
+--------+----------+----------+--------+------+
| userid | username | password | salary | flag |
+--------+----------+----------+--------+------+
|    200 | aleem    | aspire   |  50000 |    0 |
|    300 | somu     | secret   |   4000 |    0 |
|    400 | hakeem   | secret   |   7500 |    0 |
|    500 | raoof    | secret   |   5000 |    1 |
|   6000 | aleem    | aspire   |  50000 |    0 |
+--------+----------+----------+--------+------+
5 rows in set (0.00 sec)

mysql> select  * from users;
+--------+----------+----------+--------+------+
| userid | username | password | salary | flag |
+--------+----------+----------+--------+------+
|    200 | aleem    | aspire   |  50000 |    0 |
|    300 | somu     | secret   |   4000 |    0 |
|    400 | hakeem   | secret   |   7500 |    0 |
|    500 | raoof    | secret   |   5000 |    1 |
|   6000 | aleem    | aspire   |  50000 |    0 |
+--------+----------+----------+--------+------+
5 rows in set (0.00 sec)

mysql> select  * from users;
+--------+----------+----------+--------+------+
| userid | username | password | salary | flag |
+--------+----------+----------+--------+------+
|    200 | aleem    | aspire   |  50000 |    0 |
|    300 | somu     | secret   |   4000 |    0 |
|    400 | hakeem   | secret   |   7500 |    0 |
|    500 | raoof    | secret   |   5000 |    1 |
|   6000 | aleem    | aspire   |  50000 |    0 |
+--------+----------+----------+--------+------+
5 rows in set (0.00 sec)

mysql> select  * from users;
+--------+----------+----------+--------+------+
| userid | username | password | salary | flag |
+--------+----------+----------+--------+------+
|    300 | somu     | secret   |   4000 |    0 |
|    400 | hakeem   | secret   |   7500 |    0 |
|    500 | raoof    | secret   |   5000 |    1 |
|   6000 | aleem    | aspire   |  50000 |    0 |
+--------+----------+----------+--------+------+
4 rows in set (0.00 sec)

mysql> select  * from users;
+--------+----------+----------+--------+------+
| userid | username | password | salary | flag |
+--------+----------+----------+--------+------+
|    300 | somu     | secret   |   4000 |    0 |
|    400 | hakeem   | secret   |   7500 |    0 |
|   6000 | aleem    | aspire   |  50000 |    0 |
+--------+----------+----------+--------+------+
3 rows in set (0.00 sec)

mysql> delete users where userid=6000;
ERROR 1064 (42000): You have an error in your SQL syntax; check the manual that corresponds to your MySQL server version for the right syntax to use near 'where userid=6000' at line 1
mysql> delete from  users where userid=6000;
Query OK, 1 row affected (0.00 sec)

mysql> select  * from users;
+--------+----------+----------+--------+------+
| userid | username | password | salary | flag |
+--------+----------+----------+--------+------+
|    300 | somu     | secret   |   4000 |    0 |
|    400 | hakeem   | secret   |   7500 |    0 |
+--------+----------+----------+--------+------+
2 rows in set (0.00 sec)

mysql> insert into users values(200,'rahim','secret',2000,0);
Query OK, 1 row affected (0.00 sec)

mysql> select  * from users;
+--------+----------+----------+--------+------+
| userid | username | password | salary | flag |
+--------+----------+----------+--------+------+
|    300 | somu     | secret   |   4000 |    0 |
|    400 | hakeem   | secret   |   7500 |    0 |
|    200 | rahim    | secret   |   2000 |    0 |
+--------+----------+----------+--------+------+
3 rows in set (0.00 sec)

mysql> insert into users values(500,'aleem','secret',5000,1);
Query OK, 1 row affected (0.00 sec)

mysql> select  * from users;
+--------+----------+----------+--------+------+
| userid | username | password | salary | flag |
+--------+----------+----------+--------+------+
|    300 | somu     | secret   |   4000 |    0 |
|    400 | hakeem   | secret   |   7500 |    0 |
|    200 | rahim    | secret   |   2000 |    0 |
|    500 | aleem    | secret   |   5000 |    1 |
+--------+----------+----------+--------+------+
4 rows in set (0.00 sec)

mysql> select  * from users;
+--------+----------+----------+--------+------+
| userid | username | password | salary | flag |
+--------+----------+----------+--------+------+
|    300 | somu     | secret   |   4000 |    0 |
|    400 | hakeem   | secret   |   7500 |    0 |
|    200 | rahim    | secret   |   2000 |    0 |
|    500 | aleem    | secret   |   5000 |    1 |
|    600 | adil     | secret   |   6000 |    0 |
+--------+----------+----------+--------+------+
5 rows in set (0.00 sec)

mysql> select  * from users;
+--------+----------+----------+--------+------+
| userid | username | password | salary | flag |
+--------+----------+----------+--------+------+
|    300 | somu     | secret   |   4000 |    0 |
|    400 | hakeem   | secret   |   7500 |    0 |
|    200 | rahim    | secret   |   2000 |    0 |
|    500 | aleem    | secret   |   5000 |    1 |
|    600 | adil     | secret   |   6000 |    0 |
+--------+----------+----------+--------+------+
5 rows in set (0.00 sec)

mysql> select  * from users;
+--------+----------+----------+--------+------+
| userid | username | password | salary | flag |
+--------+----------+----------+--------+------+
|    300 | somu     | secret   |   4000 |    0 |
|    400 | hakeem   | secret   |   7500 |    0 |
|    200 | rahim    | secret   |   2000 |    0 |
|    500 | aleem    | secret   |   5000 |    1 |
|    600 | adil     | secret   |   6000 |    0 |
+--------+----------+----------+--------+------+
5 rows in set (0.00 sec)

mysql> select  * from users;
+--------+----------+----------+--------+------+
| userid | username | password | salary | flag |
+--------+----------+----------+--------+------+
|    300 | somu     | secret   |   4000 |    0 |
|    400 | hakeem   | secret   |   7500 |    0 |
|    200 | rahim    | secret   |   2000 |    0 |
|    500 | aleem    | secret   |   5000 |    1 |
|    600 | adil     | secret   |   6000 |    0 |
+--------+----------+----------+--------+------+
5 rows in set (0.00 sec)

mysql> select  * from users;
+--------+----------+----------+--------+------+
| userid | username | password | salary | flag |
+--------+----------+----------+--------+------+
|    300 | somu     | secret   |   4000 |    0 |
|    400 | hakeem   | secret   |   7500 |    0 |
|    200 | rahim    | secret   |   2000 |    0 |
|    500 | aleem    | secret   |   5000 |    1 |
|    600 | adil     | secret   |   6000 |    0 |
+--------+----------+----------+--------+------+
5 rows in set (0.00 sec)

mysql> select  * from users;
+--------+----------+----------+--------+------+
| userid | username | password | salary | flag |
+--------+----------+----------+--------+------+
|    300 | somu     | secret   |   4000 |    0 |
|    400 | hakeem   | secret   |   7500 |    0 |
|    200 | rahim    | secret   |   2000 |    0 |
|    500 | aleem    | secret   |   5000 |    1 |
+--------+----------+----------+--------+------+
4 rows in set (0.00 sec)

mysql> select  * from users;
+--------+----------+----------+--------+------+
| userid | username | password | salary | flag |
+--------+----------+----------+--------+------+
|    300 | somu     | secret   |   4000 |    0 |
|    400 | hakeem   | secret   |   7500 |    0 |
|    500 | aleem    | secret   |   5000 |    1 |
+--------+----------+----------+--------+------+
3 rows in set (0.00 sec)

mysql>